
> Task :compileJava
.\gradlew : C:\Users\Laker\Documents\2026 Robot Code 8046\src\main\java\frc\robot\subsystems\Intake.java:49: warning: [removal] TalonFX(int,String) in TalonFX has 
been deprecated and marked for removal
At line:1 char:1
+ .\gradlew build > build_output.txt 2>&1; Select-String -Path build_ou ...
+ ~~~~~~~~~~~~~~~~~~~~~~~~~~~~~~~~~~~~~~~
    + CategoryInfo          : NotSpecified: (C:\Users\Laker\...ked for removal:String) [], RemoteException
    + FullyQualifiedErrorId : NativeCommandError
 
    intakeRollers = new TalonFX(IntakeConstants.kIntakeRollersMotorID, IntakeConstants.kCANBusName);
                    ^
C:\Users\Laker\Documents\2026 Robot Code 8046\src\main\java\frc\robot\subsystems\Intake.java:50: warning: [removal] TalonFX(int,String) in TalonFX has been 
deprecated and marked for removal
    intakePivot = new TalonFX(IntakeConstants.kIntakePivotMotorID, IntakeConstants.kCANBusName);
                  ^
C:\Users\Laker\Documents\2026 Robot Code 8046\src\main\java\frc\robot\subsystems\VisionSubsystem.java:63: warning: [removal] 
PhotonPoseEstimator(AprilTagFieldLayout,PoseStrategy,Transform3d) in PhotonPoseEstimator has been deprecated and marked for removal
        poseEstimatorBL = new PhotonPoseEstimator(
                          ^
C:\Users\Laker\Documents\2026 Robot Code 8046\src\main\java\frc\robot\subsystems\VisionSubsystem.java:69: warning: [removal] 
PhotonPoseEstimator(AprilTagFieldLayout,PoseStrategy,Transform3d) in PhotonPoseEstimator has been deprecated and marked for removal
        poseEstimatorBR = new PhotonPoseEstimator(
                          ^
C:\Users\Laker\Documents\2026 Robot Code 8046\src\main\java\frc\robot\subsystems\VisionSubsystem.java:138: warning: [removal] update(PhotonPipelineResult) in 
PhotonPoseEstimator has been deprecated and marked for removal
                latestEstimatedPoseBL = poseEstimatorBL.update(resultBL);
                                                       ^
C:\Users\Laker\Documents\2026 Robot Code 8046\src\main\java\frc\robot\subsystems\VisionSubsystem.java:151: warning: [removal] update(PhotonPipelineResult) in 
PhotonPoseEstimator has been deprecated and marked for removal
                latestEstimatedPoseBR = poseEstimatorBR.update(resultBR);
                                                       ^
C:\Users\Laker\Documents\2026 Robot Code 8046\src\main\java\frc\robot\subsystems\VisionSubsystem.java:455: warning: [removal] setReferencePose(Pose3d) in 
PhotonPoseEstimator has been deprecated and marked for removal
        poseEstimatorBL.setReferencePose(new Pose3d(pose));
                       ^
C:\Users\Laker\Documents\2026 Robot Code 8046\src\main\java\frc\robot\subsystems\VisionSubsystem.java:456: warning: [removal] setReferencePose(Pose3d) in 
PhotonPoseEstimator has been deprecated and marked for removal
        poseEstimatorBR.setReferencePose(new Pose3d(pose));
                       ^
C:\Users\Laker\Documents\2026 Robot Code 8046\src\main\java\frc\robot\subsystems\TurretSubsystem.java:28: warning: [removal] TalonFX(int,String) in TalonFX has been 
deprecated and marked for removal
        turretMotor = new TalonFX(TurretConstants.kTurretMotorID, TurretConstants.kCANBusName);
                      ^
9 warnings

> Task :processResources NO-SOURCE
> Task :classes
> Task :downloadDepsPreemptively
> Task :jar
> Task :assemble
> Task :compileTestJava NO-SOURCE
> Task :extractReleaseNative UP-TO-DATE
> Task :processTestResources NO-SOURCE
> Task :testClasses UP-TO-DATE
> Task :test NO-SOURCE
> Task :check UP-TO-DATE
> Task :build
[Incubating] Problems report is available at: file:///C:/Users/Laker/Documents/2026%20Robot%20Code%208046/build/reports/problems/problems-report.html

BUILD SUCCESSFUL in 1s
4 actionable tasks: 3 executed, 1 up-to-date
